[themetum.com/envato/wokoya/iconbar/index-3.html]
[backblue.gif]
[fade.gif]
[index.html]
[themetum.com/envato/wokoya/iconbar/img/favicon.png]
[themetum.com/envato/wokoya/iconbar/assets/css/fontawesome.min.css]
[themetum.com/envato/wokoya/iconbar/assets/css/bootstrap.min.css]
[themetum.com/envato/wokoya/iconbar/assets/css/bsnav.min.css]
[themetum.com/envato/wokoya/iconbar/assets/css/magnific-popup.css]
[themetum.com/envato/wokoya/iconbar/assets/css/slick.css]
[themetum.com/envato/wokoya/iconbar/assets/css/all.min.css]
[themetum.com/envato/wokoya/iconbar/assets/css/animate.css]
[themetum.com/envato/wokoya/iconbar/assets/css/icofont.min.css]
[themetum.com/envato/wokoya/iconbar/assets/css/splitting.css]
[themetum.com/envato/wokoya/iconbar/assets/css/splitting-cells.css]
[themetum.com/envato/wokoya/iconbar/style.css]
[themetum.com/envato/wokoya/iconbar/assets/css/responsive.css]
[themetum.com/envato/wokoya/iconbar/index.html]
[themetum.com/envato/wokoya/iconbar/img/logo.png]
[themetum.com/envato/wokoya/iconbar/img/about-me.png]
[themetum.com/envato/wokoya/iconbar/img/portfolio/1.jpg]
[themetum.com/envato/wokoya/iconbar/img/portfolio/2.jpg]
[themetum.com/envato/wokoya/iconbar/img/portfolio/3.jpg]
[themetum.com/envato/wokoya/iconbar/img/portfolio/4.jpg]
[themetum.com/envato/wokoya/iconbar/img/portfolio/5.jpg]
[themetum.com/envato/wokoya/iconbar/img/portfolio/6.jpg]
[themetum.com/envato/wokoya/iconbar/img/client/1.jpg]
[themetum.com/envato/wokoya/iconbar/img/client/2.jpg]
[themetum.com/envato/wokoya/iconbar/img/client/3.jpg]
[themetum.com/envato/wokoya/iconbar/img/blog/1.png]
[themetum.com/envato/wokoya/iconbar/img/blog/2.png]
[themetum.com/envato/wokoya/iconbar/img/blog/3.png]
[themetum.com/envato/wokoya/iconbar/assets/js/jquery-3.6.0.min.js]
[themetum.com/envato/wokoya/iconbar/assets/js/bootstrap.bundle.min.js]
[themetum.com/envato/wokoya/iconbar/assets/js/jquery.appear.min.js]
[themetum.com/envato/wokoya/iconbar/assets/js/jquery.easing.min.js]
[themetum.com/envato/wokoya/iconbar/assets/js/waypoints.min.js]
[themetum.com/envato/wokoya/iconbar/assets/js/jquery.magnific-popup.min.js]
[themetum.com/envato/wokoya/iconbar/assets/js/progress-bar.min.js]
[themetum.com/envato/wokoya/iconbar/assets/js/slick.min.js]
[themetum.com/envato/wokoya/iconbar/assets/js/isotope.pkgd.min.js]
[themetum.com/envato/wokoya/iconbar/assets/js/count-to.js]
[themetum.com/envato/wokoya/iconbar/assets/js/typed.min.js]
[themetum.com/envato/wokoya/iconbar/assets/js/parallax.js]
[themetum.com/envato/wokoya/iconbar/assets/js/wow.js]
[themetum.com/envato/wokoya/iconbar/assets/js/bsnav.min.js]
[themetum.com/envato/wokoya/iconbar/assets/js/splitting-animation.js]
[themetum.com/envato/wokoya/iconbar/assets/js/splitting.min.js]
[themetum.com/envato/wokoya/iconbar/assets/js/jquery.particles.min.js]
[themetum.com/envato/wokoya/iconbar/assets/js/YTPlayer.min.js]
[themetum.com/envato/wokoya/iconbar/index-3.html]
[themetum.com/envato/wokoya/iconbar/assets/css/bootstrap.min.css]
[themetum.com/envato/wokoya/iconbar/assets/js/main.js]
[themetum.com/envato/wokoya/iconbar/assets/css/fontawesome.min.css]
[themetum.com/envato/wokoya/iconbar/assets/css/bsnav.min.css]
[themetum.com/envato/wokoya/iconbar/assets/css/magnific-popup.css]
[themetum.com/envato/wokoya/iconbar/assets/css/slick.css]
[themetum.com/envato/wokoya/iconbar/assets/webfonts/fa-brands-400.woff2]
[themetum.com/envato/wokoya/iconbar/assets/webfonts/fa-brands-400.eot]
[themetum.com/envato/wokoya/iconbar/assets/webfonts/fa-brands-400d41d.eot]
[themetum.com/envato/wokoya/iconbar/assets/webfonts/fa-brands-400.woff]
[themetum.com/envato/wokoya/iconbar/assets/webfonts/fa-regular-400.eot]
[themetum.com/envato/wokoya/iconbar/assets/webfonts/fa-brands-400.ttf]
[themetum.com/envato/wokoya/iconbar/assets/webfonts/fa-regular-400d41d.eot]
[themetum.com/envato/wokoya/iconbar/assets/webfonts/fa-regular-400.woff2]
[themetum.com/envato/wokoya/iconbar/assets/webfonts/fa-regular-400.woff]
[themetum.com/envato/wokoya/iconbar/assets/webfonts/fa-brands-400.svg]
[themetum.com/envato/wokoya/iconbar/assets/webfonts/fa-regular-400.ttf]
[themetum.com/envato/wokoya/iconbar/assets/webfonts/fa-regular-400.svg]
[themetum.com/envato/wokoya/iconbar/assets/webfonts/fa-solid-900.eot]
[themetum.com/envato/wokoya/iconbar/assets/webfonts/fa-solid-900.woff2]
[themetum.com/envato/wokoya/iconbar/assets/webfonts/fa-solid-900d41d.eot]
[themetum.com/envato/wokoya/iconbar/assets/webfonts/fa-solid-900.woff]
[themetum.com/envato/wokoya/iconbar/assets/css/all.min.css]
[themetum.com/envato/wokoya/iconbar/assets/css/animate.css]
[themetum.com/envato/wokoya/iconbar/assets/webfonts/fa-solid-900.ttf]
[themetum.com/envato/wokoya/iconbar/assets/fonts/icofont.woff2]
[themetum.com/envato/wokoya/iconbar/assets/fonts/icofont.woff]
[themetum.com/envato/wokoya/iconbar/assets/css/icofont.min.css]
[themetum.com/envato/wokoya/iconbar/assets/css/splitting.css]
[themetum.com/envato/wokoya/iconbar/assets/css/splitting-cells.css]
[themetum.com/envato/wokoya/iconbar/assets/webfonts/fa-solid-900.svg]
[www.themetum.com/envato/wokoya/iconbar/assets/img/logo/pre-loader.50.delayed]
[themetum.com/envato/wokoya/iconbar/img/header-bg.jpg]
[themetum.com/envato/wokoya/iconbar/img/hire-bg.jpg]
[themetum.com/envato/wokoya/iconbar/img/testicon.png]
[themetum.com/envato/wokoya/iconbar/style.css]
[themetum.com/envato/wokoya/iconbar/assets/css/responsive.css]
[themetum.com/envato/wokoya/iconbar/index.html]
[themetum.com/envato/wokoya/iconbar/assets/webfonts/fa-brands-400.svg]
[themetum.com/envato/wokoya/iconbar/assets/webfonts/fa-regular-400.svg]
[themetum.com/envato/wokoya/iconbar/assets/webfonts/fa-solid-900.svg]
[www.themetum.com/envato/wokoya/iconbar/assets/img/logo/pre-loader.html]
